[lnkmeup.com/8ncr.html]
[backblue.gif]
[fade.gif]
[index.html]
[cdnjs.cloudflare.com/ajax/libs/font-awesome/5.6.3/css/all.min.css]
[cdnjs.cloudflare.com/ajax/libs/animate.css/3.7.2/animate.css]
[lh3.googleusercontent.com/-Gc--aVvJJWI/X881_KwkCUI/AAAAAAAAAJc/-sqah2q_QTAHp0-zQkif8s0LGQOaiI5BACLcBGAsYHQ/s1600/bar-logo.png]
[lh3.googleusercontent.com/-QTjDPDNyHZY/X882ACGiF6I/AAAAAAAAAJo/UaNhCm_gDpgH4Oo4BvbbcEMUCZZKYUQzgCLcBGAsYHQ/s1600/finish-1.png]
[lh3.googleusercontent.com/-JB7Be7ck31E/X882AGeGAvI/AAAAAAAAAJs/lpXyI1PMj8wBQqPbpq-2CSDhwaIkKfZFQCLcBGAsYHQ/s1600/finish-2.png]
[lh3.googleusercontent.com/-9svD_WNef-Q/X882Acy2ldI/AAAAAAAAAJw/CcNzaplfcEUg1v48Mb7DA1ztqCLbOKEFgCLcBGAsYHQ/s1600/finish-3.png]
[lh3.googleusercontent.com/-f3R_cImTRho/X882B_qF5GI/AAAAAAAAAKA/lR-KrONx2w4p86jMvb4E86JSwlvlzVt-gCLcBGAsYHQ/s1600/multiple-devices.jpg]
[lh3.googleusercontent.com/-OdE02v6rOMA/X881_IXSogI/AAAAAAAAAJg/sW61cSYRtUwL7bxG8WDVcBv2wl53JcZGgCLcBGAsYHQ/s1600-rw/at.webp]
[lh3.googleusercontent.com/-JPwG37OxjJs/X882B2_NbgI/AAAAAAAAAKI/_q0dN2xToowifNg0SnkRDyzTt2ZXiLYrgCLcBGAsYHQ/s1600/sprint.png]
[lh3.googleusercontent.com/-dONgF4LZ8w8/X882CrqGfGI/AAAAAAAAAKM/M275Z1JpoiwOf7AgmJ8KddoWpYAnzT9dgCLcBGAsYHQ/s1600/tmobile.png]
[lh3.googleusercontent.com/-A9qULLUaDGQ/X882CrhFBII/AAAAAAAAAKQ/upTEBqBU_2QlXtuiYPH2xZX7qDrXS8uDwCLcBGAsYHQ/s1600/verizon.png]
[lh3.googleusercontent.com/-Yu0RpATYAtA/X882AxZAhoI/AAAAAAAAAJ4/rgLuOCZMP3sj-wbAQVSqzBuTYtT1DQSzgCLcBGAsYHQ/s1600/iphone-11.png]
[lh3.googleusercontent.com/-DUv5siNbmZk/X882A69XVUI/AAAAAAAAAJ0/x6NK4h0VbxoAb6NwVQu7ukuQFhvtGrLMwCLcBGAsYHQ/s1600/iphone-11-pro.png]
[lh3.googleusercontent.com/--q2o0GH9Kdc/X882CqTrkWI/AAAAAAAAAKU/ZsH5b1A58hYk0Mq_RS83b961N0p3cwmtwCLcBGAsYHQ/s1600/whats-in-the-box.jpg]
[lh3.googleusercontent.com/-uVWxfVraFBk/X89wpNUbYWI/AAAAAAAAAK4/RpnhObBllFIrzHkUtQroe-pfPR7PIfRGwCLcBGAsYHQ/s1600/iphone.png]
[lh3.googleusercontent.com/-ahjXysONvMI/X882BAx_6LI/AAAAAAAAAJ8/PzQmBGdf1zgDkln4hbut7FWw3cXV-eBnACLcBGAsYHQ/s1600/logo.png]
[lh3.googleusercontent.com/-lANEHh76kx0/X882B-9-YMI/AAAAAAAAAKE/Htrc1fvQbSUZoaBtlvxLZeG-k_PnwO_vQCLcBGAsYHQ/s1600/phone-figure-1.jpg]
[lnkmeup.com/xxx/index.html]
[lnkmeup.com/8ncr.html]
[lnkmeup.com/Popover requires tooltip.html]
[www.blogger.com/img/widgets/stats-flipper.png]
[resources.blogblog.com/img/widgets/s_top.png]
[www.blogger.com/static/v1/widgets/14020288-widget_css_bundle.css]
[cdnjs.cloudflare.com/ajax/libs/font-awesome/5.6.3/css/all.min.css]
[cdnjs.cloudflare.com/ajax/libs/animate.css/3.7.2/animate.css]
[lnkmeup.com/xxx/index.html]
[lnkmeup.com/Popover requires tooltip.html]
[stackpath.bootstrapcdn.com/bootstrap/4.1.3/css/bootstrap.min.css]
[stackpath.bootstrapcdn.com/bootstrap/4.1.3/css/bootstrap.min.css]
